// Jest Snapshot v1, https://goo.gl/fbAQLP

exports[`PricingTotal should render correctly 1`] = `""`;
